Classic Timing Analyzer report for Keyboard
Tue May 16 11:15:09 2017
Quartus II 64-Bit Version 9.0 Build 132 02/25/2009 SJ Full Version


---------------------
; Table of Contents ;
---------------------
  1. Legal Notice
  2. Timing Analyzer Summary
  3. Timing Analyzer Settings
  4. Clock Settings Summary
  5. Parallel Compilation
  6. Clock Setup: 'fclk'
  7. Clock Hold: 'fclk'
  8. tsu
  9. tco
 10. th
 11. Timing Analyzer Messages



----------------
; Legal Notice ;
----------------
Copyright (C) 1991-2009 Altera Corporation
Your use of Altera Corporation's design tools, logic functions 
and other software and tools, and its AMPP partner logic 
functions, and any output files from any of the foregoing 
(including device programming or simulation files), and any 
associated documentation or information are expressly subject 
to the terms and conditions of the Altera Program License 
Subscription Agreement, Altera MegaCore Function License 
Agreement, or other applicable license agreement, including, 
without limitation, that your use is for the sole purpose of 
programming logic devices manufactured by Altera and sold by 
Altera or its authorized distributors.  Please refer to the 
applicable agreement for further details.



+----------------------------------------------------------------------------------------------------------------------------------------------------------------------------------------------------------------------------------+
; Timing Analyzer Summary                                                                                                                                                                                                          ;
+------------------------------+------------------------------------------+---------------+----------------------------------+------------------------------------+-------------------------+------------+----------+--------------+
; Type                         ; Slack                                    ; Required Time ; Actual Time                      ; From                               ; To                      ; From Clock ; To Clock ; Failed Paths ;
+------------------------------+------------------------------------------+---------------+----------------------------------+------------------------------------+-------------------------+------------+----------+--------------+
; Worst-case tsu               ; N/A                                      ; None          ; 4.964 ns                         ; clkin                              ; Keyboard:u0|clk1        ; --         ; fclk     ; 0            ;
; Worst-case tco               ; N/A                                      ; None          ; 15.192 ns                        ; KeyboardDecoder:u5|lwasdPressed[2] ; wasd[2]                 ; fclk       ; --       ; 0            ;
; Worst-case th                ; N/A                                      ; None          ; -4.651 ns                        ; datain                             ; Keyboard:u0|data        ; --         ; fclk     ; 0            ;
; Clock Setup: 'fclk'          ; N/A                                      ; None          ; 319.18 MHz ( period = 3.133 ns ) ; Keyboard:u0|state.stop             ; Keyboard:u0|state.delay ; fclk       ; fclk     ; 0            ;
; Clock Hold: 'fclk'           ; Not operational: Clock Skew > Data Delay ; None          ; N/A                              ; Keyboard:u0|code[3]                ; Keyboard:u0|scancode[3] ; fclk       ; fclk     ; 8            ;
; Total number of failed paths ;                                          ;               ;                                  ;                                    ;                         ;            ;          ; 8            ;
+------------------------------+------------------------------------------+---------------+----------------------------------+------------------------------------+-------------------------+------------+----------+--------------+


+--------------------------------------------------------------------------------------------------------------------+
; Timing Analyzer Settings                                                                                           ;
+---------------------------------------------------------------------+--------------------+------+----+-------------+
; Option                                                              ; Setting            ; From ; To ; Entity Name ;
+---------------------------------------------------------------------+--------------------+------+----+-------------+
; Device Name                                                         ; EP2C70F672C8       ;      ;    ;             ;
; Timing Models                                                       ; Final              ;      ;    ;             ;
; Default hold multicycle                                             ; Same as Multicycle ;      ;    ;             ;
; Cut paths between unrelated clock domains                           ; On                 ;      ;    ;             ;
; Cut off read during write signal paths                              ; On                 ;      ;    ;             ;
; Cut off feedback from I/O pins                                      ; On                 ;      ;    ;             ;
; Report Combined Fast/Slow Timing                                    ; Off                ;      ;    ;             ;
; Ignore Clock Settings                                               ; Off                ;      ;    ;             ;
; Analyze latches as synchronous elements                             ; On                 ;      ;    ;             ;
; Enable Recovery/Removal analysis                                    ; Off                ;      ;    ;             ;
; Enable Clock Latency                                                ; Off                ;      ;    ;             ;
; Use TimeQuest Timing Analyzer                                       ; Off                ;      ;    ;             ;
; Minimum Core Junction Temperature                                   ; 0                  ;      ;    ;             ;
; Maximum Core Junction Temperature                                   ; 85                 ;      ;    ;             ;
; Number of source nodes to report per destination node               ; 10                 ;      ;    ;             ;
; Number of destination nodes to report                               ; 10                 ;      ;    ;             ;
; Number of paths to report                                           ; 200                ;      ;    ;             ;
; Report Minimum Timing Checks                                        ; Off                ;      ;    ;             ;
; Use Fast Timing Models                                              ; Off                ;      ;    ;             ;
; Report IO Paths Separately                                          ; Off                ;      ;    ;             ;
; Perform Multicorner Analysis                                        ; On                 ;      ;    ;             ;
; Reports the worst-case path for each clock domain and analysis      ; Off                ;      ;    ;             ;
; Removes common clock path pessimism (CCPP) during slack computation ; Off                ;      ;    ;             ;
; Output I/O Timing Endpoint                                          ; Near End           ;      ;    ;             ;
+---------------------------------------------------------------------+--------------------+------+----+-------------+


+------------------------------------------------------------------------------------------------------------------------------------------------------------------------------------+
; Clock Settings Summary                                                                                                                                                             ;
+-----------------+--------------------+----------+------------------+---------------+--------------+----------+-----------------------+---------------------+--------+--------------+
; Clock Node Name ; Clock Setting Name ; Type     ; Fmax Requirement ; Early Latency ; Late Latency ; Based on ; Multiply Base Fmax by ; Divide Base Fmax by ; Offset ; Phase offset ;
+-----------------+--------------------+----------+------------------+---------------+--------------+----------+-----------------------+---------------------+--------+--------------+
; fclk            ;                    ; User Pin ; None             ; 0.000 ns      ; 0.000 ns     ; --       ; N/A                   ; N/A                 ; N/A    ;              ;
+-----------------+--------------------+----------+------------------+---------------+--------------+----------+-----------------------+---------------------+--------+--------------+


+------------------------------------------+
; Parallel Compilation                     ;
+----------------------------+-------------+
; Processors                 ; Number      ;
+----------------------------+-------------+
; Number detected on machine ; 2           ;
; Maximum allowed            ; 2           ;
;                            ;             ;
; Average used               ; 1.00        ;
; Maximum used               ; 1           ;
;                            ;             ;
; Usage by Processor         ; % Time Used ;
;     1 processor            ; 100.0%      ;
;     2 processors           ;   0.0%      ;
+----------------------------+-------------+


+----------------------------------------------------------------------------------------------------------------------------------------------------------------------------------------------------------------------------------------------+
; Clock Setup: 'fclk'                                                                                                                                                                                                                          ;
+-------+------------------------------------------------+------------------------------------+------------------------------------+------------+----------+-----------------------------+---------------------------+-------------------------+
; Slack ; Actual fmax (period)                           ; From                               ; To                                 ; From Clock ; To Clock ; Required Setup Relationship ; Required Longest P2P Time ; Actual Longest P2P Time ;
+-------+------------------------------------------------+------------------------------------+------------------------------------+------------+----------+-----------------------------+---------------------------+-------------------------+
; N/A   ; 319.18 MHz ( period = 3.133 ns )               ; Keyboard:u0|state.stop             ; Keyboard:u0|state.delay            ; fclk       ; fclk     ; None                        ; None                      ; 2.869 ns                ;
; N/A   ; 330.91 MHz ( period = 3.022 ns )               ; Keyboard:u0|code[2]                ; Keyboard:u0|state.stop             ; fclk       ; fclk     ; None                        ; None                      ; 2.758 ns                ;
; N/A   ; 331.24 MHz ( period = 3.019 ns )               ; Keyboard:u0|code[2]                ; Keyboard:u0|state.delay            ; fclk       ; fclk     ; None                        ; None                      ; 2.755 ns                ;
; N/A   ; Restricted to 340.02 MHz ( period = 2.941 ns ) ; Keyboard:u0|state.start            ; Keyboard:u0|state.delay            ; fclk       ; fclk     ; None                        ; None                      ; 2.607 ns                ;
; N/A   ; Restricted to 340.02 MHz ( period = 2.941 ns ) ; Keyboard:u0|clk2                   ; Keyboard:u0|state.delay            ; fclk       ; fclk     ; None                        ; None                      ; 2.593 ns                ;
; N/A   ; Restricted to 340.02 MHz ( period = 2.941 ns ) ; Keyboard:u0|state.finish           ; Keyboard:u0|state.delay            ; fclk       ; fclk     ; None                        ; None                      ; 2.540 ns                ;
; N/A   ; Restricted to 340.02 MHz ( period = 2.941 ns ) ; Keyboard:u0|code[0]                ; Keyboard:u0|state.stop             ; fclk       ; fclk     ; None                        ; None                      ; 2.494 ns                ;
; N/A   ; Restricted to 340.02 MHz ( period = 2.941 ns ) ; Keyboard:u0|code[0]                ; Keyboard:u0|state.delay            ; fclk       ; fclk     ; None                        ; None                      ; 2.491 ns                ;
; N/A   ; Restricted to 340.02 MHz ( period = 2.941 ns ) ; Keyboard:u0|code[7]                ; Keyboard:u0|state.stop             ; fclk       ; fclk     ; None                        ; None                      ; 2.369 ns                ;
; N/A   ; Restricted to 340.02 MHz ( period = 2.941 ns ) ; Keyboard:u0|code[7]                ; Keyboard:u0|state.delay            ; fclk       ; fclk     ; None                        ; None                      ; 2.366 ns                ;
; N/A   ; Restricted to 340.02 MHz ( period = 2.941 ns ) ; Keyboard:u0|scancode[3]            ; KeyboardDecoder:u5|lwasdPressed[0] ; fclk       ; fclk     ; None                        ; None                      ; 2.452 ns                ;
; N/A   ; Restricted to 340.02 MHz ( period = 2.941 ns ) ; Keyboard:u0|code[5]                ; Keyboard:u0|state.stop             ; fclk       ; fclk     ; None                        ; None                      ; 2.314 ns                ;
; N/A   ; Restricted to 340.02 MHz ( period = 2.941 ns ) ; Keyboard:u0|code[5]                ; Keyboard:u0|state.delay            ; fclk       ; fclk     ; None                        ; None                      ; 2.311 ns                ;
; N/A   ; Restricted to 340.02 MHz ( period = 2.941 ns ) ; Keyboard:u0|scancode[2]            ; KeyboardDecoder:u5|lwasdPressed[0] ; fclk       ; fclk     ; None                        ; None                      ; 2.383 ns                ;
; N/A   ; Restricted to 340.02 MHz ( period = 2.941 ns ) ; Keyboard:u0|clk1                   ; Keyboard:u0|clk2                   ; fclk       ; fclk     ; None                        ; None                      ; 2.255 ns                ;
; N/A   ; Restricted to 340.02 MHz ( period = 2.941 ns ) ; Keyboard:u0|code[3]                ; Keyboard:u0|state.stop             ; fclk       ; fclk     ; None                        ; None                      ; 2.243 ns                ;
; N/A   ; Restricted to 340.02 MHz ( period = 2.941 ns ) ; Keyboard:u0|code[3]                ; Keyboard:u0|state.delay            ; fclk       ; fclk     ; None                        ; None                      ; 2.240 ns                ;
; N/A   ; Restricted to 340.02 MHz ( period = 2.941 ns ) ; Keyboard:u0|scancode[1]            ; KeyboardDecoder:u5|lwasdPressed[0] ; fclk       ; fclk     ; None                        ; None                      ; 2.333 ns                ;
; N/A   ; Restricted to 340.02 MHz ( period = 2.941 ns ) ; Keyboard:u0|clk1                   ; Keyboard:u0|code[2]                ; fclk       ; fclk     ; None                        ; None                      ; 2.219 ns                ;
; N/A   ; Restricted to 340.02 MHz ( period = 2.941 ns ) ; Keyboard:u0|clk1                   ; Keyboard:u0|state.delay            ; fclk       ; fclk     ; None                        ; None                      ; 2.219 ns                ;
; N/A   ; Restricted to 340.02 MHz ( period = 2.941 ns ) ; Keyboard:u0|scancode[3]            ; KeyboardDecoder:u5|lwasdPressed[3] ; fclk       ; fclk     ; None                        ; None                      ; 2.310 ns                ;
; N/A   ; Restricted to 340.02 MHz ( period = 2.941 ns ) ; Keyboard:u0|scancode[3]            ; KeyboardDecoder:u5|lwasdPressed[2] ; fclk       ; fclk     ; None                        ; None                      ; 2.309 ns                ;
; N/A   ; Restricted to 340.02 MHz ( period = 2.941 ns ) ; Keyboard:u0|code[4]                ; Keyboard:u0|state.stop             ; fclk       ; fclk     ; None                        ; None                      ; 2.195 ns                ;
; N/A   ; Restricted to 340.02 MHz ( period = 2.941 ns ) ; Keyboard:u0|code[4]                ; Keyboard:u0|state.delay            ; fclk       ; fclk     ; None                        ; None                      ; 2.192 ns                ;
; N/A   ; Restricted to 340.02 MHz ( period = 2.941 ns ) ; Keyboard:u0|clk1                   ; Keyboard:u0|state.stop             ; fclk       ; fclk     ; None                        ; None                      ; 2.180 ns                ;
; N/A   ; Restricted to 340.02 MHz ( period = 2.941 ns ) ; Keyboard:u0|scancode[2]            ; KeyboardDecoder:u5|lwasdPressed[1] ; fclk       ; fclk     ; None                        ; None                      ; 2.275 ns                ;
; N/A   ; Restricted to 340.02 MHz ( period = 2.941 ns ) ; Keyboard:u0|data                   ; Keyboard:u0|state.delay            ; fclk       ; fclk     ; None                        ; None                      ; 2.140 ns                ;
; N/A   ; Restricted to 340.02 MHz ( period = 2.941 ns ) ; Keyboard:u0|scancode[6]            ; KeyboardDecoder:u5|lwasdPressed[3] ; fclk       ; fclk     ; None                        ; None                      ; 2.242 ns                ;
; N/A   ; Restricted to 340.02 MHz ( period = 2.941 ns ) ; Keyboard:u0|scancode[6]            ; KeyboardDecoder:u5|lwasdPressed[2] ; fclk       ; fclk     ; None                        ; None                      ; 2.241 ns                ;
; N/A   ; Restricted to 340.02 MHz ( period = 2.941 ns ) ; Keyboard:u0|scancode[6]            ; KeyboardDecoder:u5|lwasdPressed[0] ; fclk       ; fclk     ; None                        ; None                      ; 2.239 ns                ;
; N/A   ; Restricted to 340.02 MHz ( period = 2.941 ns ) ; Keyboard:u0|scancode[1]            ; KeyboardDecoder:u5|lwasdPressed[1] ; fclk       ; fclk     ; None                        ; None                      ; 2.225 ns                ;
; N/A   ; Restricted to 340.02 MHz ( period = 2.941 ns ) ; Keyboard:u0|clk1                   ; Keyboard:u0|state.d2               ; fclk       ; fclk     ; None                        ; None                      ; 2.128 ns                ;
; N/A   ; Restricted to 340.02 MHz ( period = 2.941 ns ) ; Keyboard:u0|clk1                   ; Keyboard:u0|state.d1               ; fclk       ; fclk     ; None                        ; None                      ; 2.128 ns                ;
; N/A   ; Restricted to 340.02 MHz ( period = 2.941 ns ) ; Keyboard:u0|clk1                   ; Keyboard:u0|state.d3               ; fclk       ; fclk     ; None                        ; None                      ; 2.128 ns                ;
; N/A   ; Restricted to 340.02 MHz ( period = 2.941 ns ) ; Keyboard:u0|clk1                   ; Keyboard:u0|state.parity           ; fclk       ; fclk     ; None                        ; None                      ; 2.128 ns                ;
; N/A   ; Restricted to 340.02 MHz ( period = 2.941 ns ) ; Keyboard:u0|clk1                   ; Keyboard:u0|state.d7               ; fclk       ; fclk     ; None                        ; None                      ; 2.128 ns                ;
; N/A   ; Restricted to 340.02 MHz ( period = 2.941 ns ) ; Keyboard:u0|clk1                   ; Keyboard:u0|state.d6               ; fclk       ; fclk     ; None                        ; None                      ; 2.128 ns                ;
; N/A   ; Restricted to 340.02 MHz ( period = 2.941 ns ) ; Keyboard:u0|clk1                   ; Keyboard:u0|state.d5               ; fclk       ; fclk     ; None                        ; None                      ; 2.128 ns                ;
; N/A   ; Restricted to 340.02 MHz ( period = 2.941 ns ) ; Keyboard:u0|clk1                   ; Keyboard:u0|state.d4               ; fclk       ; fclk     ; None                        ; None                      ; 2.128 ns                ;
; N/A   ; Restricted to 340.02 MHz ( period = 2.941 ns ) ; Keyboard:u0|scancode[6]            ; KeyboardDecoder:u5|lwasdPressed[1] ; fclk       ; fclk     ; None                        ; None                      ; 2.225 ns                ;
; N/A   ; Restricted to 340.02 MHz ( period = 2.941 ns ) ; Keyboard:u0|scancode[1]            ; KeyboardDecoder:u5|lwasdPressed[3] ; fclk       ; fclk     ; None                        ; None                      ; 2.215 ns                ;
; N/A   ; Restricted to 340.02 MHz ( period = 2.941 ns ) ; Keyboard:u0|scancode[1]            ; KeyboardDecoder:u5|lwasdPressed[2] ; fclk       ; fclk     ; None                        ; None                      ; 2.214 ns                ;
; N/A   ; Restricted to 340.02 MHz ( period = 2.941 ns ) ; Keyboard:u0|data                   ; Keyboard:u0|state.stop             ; fclk       ; fclk     ; None                        ; None                      ; 2.109 ns                ;
; N/A   ; Restricted to 340.02 MHz ( period = 2.941 ns ) ; Keyboard:u0|scancode[0]            ; KeyboardDecoder:u5|lwasdPressed[0] ; fclk       ; fclk     ; None                        ; None                      ; 2.179 ns                ;
; N/A   ; Restricted to 340.02 MHz ( period = 2.941 ns ) ; Keyboard:u0|scancode[3]            ; KeyboardDecoder:u5|state           ; fclk       ; fclk     ; None                        ; None                      ; 2.181 ns                ;
; N/A   ; Restricted to 340.02 MHz ( period = 2.941 ns ) ; Keyboard:u0|code[1]                ; Keyboard:u0|state.stop             ; fclk       ; fclk     ; None                        ; None                      ; 2.073 ns                ;
; N/A   ; Restricted to 340.02 MHz ( period = 2.941 ns ) ; Keyboard:u0|code[1]                ; Keyboard:u0|state.delay            ; fclk       ; fclk     ; None                        ; None                      ; 2.070 ns                ;
; N/A   ; Restricted to 340.02 MHz ( period = 2.941 ns ) ; Keyboard:u0|code[6]                ; Keyboard:u0|state.stop             ; fclk       ; fclk     ; None                        ; None                      ; 2.067 ns                ;
; N/A   ; Restricted to 340.02 MHz ( period = 2.941 ns ) ; Keyboard:u0|code[6]                ; Keyboard:u0|state.delay            ; fclk       ; fclk     ; None                        ; None                      ; 2.064 ns                ;
; N/A   ; Restricted to 340.02 MHz ( period = 2.941 ns ) ; Keyboard:u0|clk1                   ; Keyboard:u0|state.d0               ; fclk       ; fclk     ; None                        ; None                      ; 1.986 ns                ;
; N/A   ; Restricted to 340.02 MHz ( period = 2.941 ns ) ; Keyboard:u0|scancode[0]            ; KeyboardDecoder:u5|lwasdPressed[1] ; fclk       ; fclk     ; None                        ; None                      ; 2.071 ns                ;
; N/A   ; Restricted to 340.02 MHz ( period = 2.941 ns ) ; Keyboard:u0|clk2                   ; Keyboard:u0|code[2]                ; fclk       ; fclk     ; None                        ; None                      ; 1.968 ns                ;
; N/A   ; Restricted to 340.02 MHz ( period = 2.941 ns ) ; Keyboard:u0|scancode[5]            ; KeyboardDecoder:u5|lwasdPressed[0] ; fclk       ; fclk     ; None                        ; None                      ; 2.276 ns                ;
; N/A   ; Restricted to 340.02 MHz ( period = 2.941 ns ) ; Keyboard:u0|scancode[4]            ; KeyboardDecoder:u5|lwasdPressed[3] ; fclk       ; fclk     ; None                        ; None                      ; 2.069 ns                ;
; N/A   ; Restricted to 340.02 MHz ( period = 2.941 ns ) ; Keyboard:u0|scancode[4]            ; KeyboardDecoder:u5|lwasdPressed[2] ; fclk       ; fclk     ; None                        ; None                      ; 2.068 ns                ;
; N/A   ; Restricted to 340.02 MHz ( period = 2.941 ns ) ; Keyboard:u0|scancode[7]            ; KeyboardDecoder:u5|lwasdPressed[3] ; fclk       ; fclk     ; None                        ; None                      ; 2.046 ns                ;
; N/A   ; Restricted to 340.02 MHz ( period = 2.941 ns ) ; Keyboard:u0|scancode[7]            ; KeyboardDecoder:u5|lwasdPressed[2] ; fclk       ; fclk     ; None                        ; None                      ; 2.045 ns                ;
; N/A   ; Restricted to 340.02 MHz ( period = 2.941 ns ) ; Keyboard:u0|scancode[6]            ; KeyboardDecoder:u5|state           ; fclk       ; fclk     ; None                        ; None                      ; 2.043 ns                ;
; N/A   ; Restricted to 340.02 MHz ( period = 2.941 ns ) ; Keyboard:u0|scancode[7]            ; KeyboardDecoder:u5|lwasdPressed[0] ; fclk       ; fclk     ; None                        ; None                      ; 2.043 ns                ;
; N/A   ; Restricted to 340.02 MHz ( period = 2.941 ns ) ; Keyboard:u0|scancode[2]            ; KeyboardDecoder:u5|lwasdPressed[3] ; fclk       ; fclk     ; None                        ; None                      ; 2.032 ns                ;
; N/A   ; Restricted to 340.02 MHz ( period = 2.941 ns ) ; Keyboard:u0|scancode[2]            ; KeyboardDecoder:u5|lwasdPressed[2] ; fclk       ; fclk     ; None                        ; None                      ; 2.031 ns                ;
; N/A   ; Restricted to 340.02 MHz ( period = 2.941 ns ) ; Keyboard:u0|clk2                   ; Keyboard:u0|state.stop             ; fclk       ; fclk     ; None                        ; None                      ; 1.929 ns                ;
; N/A   ; Restricted to 340.02 MHz ( period = 2.941 ns ) ; Keyboard:u0|scancode[7]            ; KeyboardDecoder:u5|lwasdPressed[1] ; fclk       ; fclk     ; None                        ; None                      ; 2.029 ns                ;
; N/A   ; Restricted to 340.02 MHz ( period = 2.941 ns ) ; Keyboard:u0|clk1                   ; Keyboard:u0|state.start            ; fclk       ; fclk     ; None                        ; None                      ; 1.889 ns                ;
; N/A   ; Restricted to 340.02 MHz ( period = 2.941 ns ) ; Keyboard:u0|clk2                   ; Keyboard:u0|state.d2               ; fclk       ; fclk     ; None                        ; None                      ; 1.877 ns                ;
; N/A   ; Restricted to 340.02 MHz ( period = 2.941 ns ) ; Keyboard:u0|clk2                   ; Keyboard:u0|state.d1               ; fclk       ; fclk     ; None                        ; None                      ; 1.877 ns                ;
; N/A   ; Restricted to 340.02 MHz ( period = 2.941 ns ) ; Keyboard:u0|clk2                   ; Keyboard:u0|state.d3               ; fclk       ; fclk     ; None                        ; None                      ; 1.877 ns                ;
; N/A   ; Restricted to 340.02 MHz ( period = 2.941 ns ) ; Keyboard:u0|clk2                   ; Keyboard:u0|state.parity           ; fclk       ; fclk     ; None                        ; None                      ; 1.877 ns                ;
; N/A   ; Restricted to 340.02 MHz ( period = 2.941 ns ) ; Keyboard:u0|clk2                   ; Keyboard:u0|state.d7               ; fclk       ; fclk     ; None                        ; None                      ; 1.877 ns                ;
; N/A   ; Restricted to 340.02 MHz ( period = 2.941 ns ) ; Keyboard:u0|state.d4               ; Keyboard:u0|code[4]                ; fclk       ; fclk     ; None                        ; None                      ; 1.871 ns                ;
; N/A   ; Restricted to 340.02 MHz ( period = 2.941 ns ) ; Keyboard:u0|clk2                   ; Keyboard:u0|state.d6               ; fclk       ; fclk     ; None                        ; None                      ; 1.877 ns                ;
; N/A   ; Restricted to 340.02 MHz ( period = 2.941 ns ) ; Keyboard:u0|clk2                   ; Keyboard:u0|state.d5               ; fclk       ; fclk     ; None                        ; None                      ; 1.877 ns                ;
; N/A   ; Restricted to 340.02 MHz ( period = 2.941 ns ) ; Keyboard:u0|clk2                   ; Keyboard:u0|state.d4               ; fclk       ; fclk     ; None                        ; None                      ; 1.877 ns                ;
; N/A   ; Restricted to 340.02 MHz ( period = 2.941 ns ) ; Keyboard:u0|scancode[3]            ; KeyboardDecoder:u5|lwasdPressed[1] ; fclk       ; fclk     ; None                        ; None                      ; 1.955 ns                ;
; N/A   ; Restricted to 340.02 MHz ( period = 2.941 ns ) ; KeyboardDecoder:u5|state           ; KeyboardDecoder:u5|lwasdPressed[0] ; fclk       ; fclk     ; None                        ; None                      ; 1.833 ns                ;
; N/A   ; Restricted to 340.02 MHz ( period = 2.941 ns ) ; KeyboardDecoder:u5|state           ; KeyboardDecoder:u5|lwasdPressed[2] ; fclk       ; fclk     ; None                        ; None                      ; 1.833 ns                ;
; N/A   ; Restricted to 340.02 MHz ( period = 2.941 ns ) ; KeyboardDecoder:u5|state           ; KeyboardDecoder:u5|lwasdPressed[1] ; fclk       ; fclk     ; None                        ; None                      ; 1.829 ns                ;
; N/A   ; Restricted to 340.02 MHz ( period = 2.941 ns ) ; KeyboardDecoder:u5|state           ; KeyboardDecoder:u5|lwasdPressed[3] ; fclk       ; fclk     ; None                        ; None                      ; 1.829 ns                ;
; N/A   ; Restricted to 340.02 MHz ( period = 2.941 ns ) ; Keyboard:u0|scancode[4]            ; KeyboardDecoder:u5|lwasdPressed[0] ; fclk       ; fclk     ; None                        ; None                      ; 1.931 ns                ;
; N/A   ; Restricted to 340.02 MHz ( period = 2.941 ns ) ; Keyboard:u0|clk1                   ; Keyboard:u0|code[7]                ; fclk       ; fclk     ; None                        ; None                      ; 1.748 ns                ;
; N/A   ; Restricted to 340.02 MHz ( period = 2.941 ns ) ; Keyboard:u0|clk1                   ; Keyboard:u0|code[6]                ; fclk       ; fclk     ; None                        ; None                      ; 1.747 ns                ;
; N/A   ; Restricted to 340.02 MHz ( period = 2.941 ns ) ; Keyboard:u0|clk1                   ; Keyboard:u0|code[4]                ; fclk       ; fclk     ; None                        ; None                      ; 1.747 ns                ;
; N/A   ; Restricted to 340.02 MHz ( period = 2.941 ns ) ; Keyboard:u0|clk1                   ; Keyboard:u0|code[0]                ; fclk       ; fclk     ; None                        ; None                      ; 1.745 ns                ;
; N/A   ; Restricted to 340.02 MHz ( period = 2.941 ns ) ; Keyboard:u0|clk1                   ; Keyboard:u0|state.finish           ; fclk       ; fclk     ; None                        ; None                      ; 1.740 ns                ;
; N/A   ; Restricted to 340.02 MHz ( period = 2.941 ns ) ; Keyboard:u0|clk2                   ; Keyboard:u0|state.d0               ; fclk       ; fclk     ; None                        ; None                      ; 1.735 ns                ;
; N/A   ; Restricted to 340.02 MHz ( period = 2.941 ns ) ; Keyboard:u0|clk1                   ; Keyboard:u0|code[1]                ; fclk       ; fclk     ; None                        ; None                      ; 1.737 ns                ;
; N/A   ; Restricted to 340.02 MHz ( period = 2.941 ns ) ; Keyboard:u0|clk1                   ; Keyboard:u0|code[5]                ; fclk       ; fclk     ; None                        ; None                      ; 1.735 ns                ;
; N/A   ; Restricted to 340.02 MHz ( period = 2.941 ns ) ; Keyboard:u0|clk1                   ; Keyboard:u0|code[3]                ; fclk       ; fclk     ; None                        ; None                      ; 1.734 ns                ;
; N/A   ; Restricted to 340.02 MHz ( period = 2.941 ns ) ; Keyboard:u0|code[5]                ; Keyboard:u0|scancode[5]            ; fclk       ; fclk     ; None                        ; None                      ; 3.210 ns                ;
; N/A   ; Restricted to 340.02 MHz ( period = 2.941 ns ) ; Keyboard:u0|scancode[5]            ; KeyboardDecoder:u5|state           ; fclk       ; fclk     ; None                        ; None                      ; 2.005 ns                ;
; N/A   ; Restricted to 340.02 MHz ( period = 2.941 ns ) ; Keyboard:u0|scancode[1]            ; KeyboardDecoder:u5|state           ; fclk       ; fclk     ; None                        ; None                      ; 1.750 ns                ;
; N/A   ; Restricted to 340.02 MHz ( period = 2.941 ns ) ; Keyboard:u0|scancode[4]            ; KeyboardDecoder:u5|state           ; fclk       ; fclk     ; None                        ; None                      ; 1.724 ns                ;
; N/A   ; Restricted to 340.02 MHz ( period = 2.941 ns ) ; Keyboard:u0|scancode[4]            ; KeyboardDecoder:u5|lwasdPressed[1] ; fclk       ; fclk     ; None                        ; None                      ; 1.717 ns                ;
; N/A   ; Restricted to 340.02 MHz ( period = 2.941 ns ) ; Keyboard:u0|state.d6               ; Keyboard:u0|code[6]                ; fclk       ; fclk     ; None                        ; None                      ; 1.596 ns                ;
; N/A   ; Restricted to 340.02 MHz ( period = 2.941 ns ) ; Keyboard:u0|data                   ; Keyboard:u0|code[7]                ; fclk       ; fclk     ; None                        ; None                      ; 1.583 ns                ;
; N/A   ; Restricted to 340.02 MHz ( period = 2.941 ns ) ; Keyboard:u0|data                   ; Keyboard:u0|code[1]                ; fclk       ; fclk     ; None                        ; None                      ; 1.580 ns                ;
; N/A   ; Restricted to 340.02 MHz ( period = 2.941 ns ) ; Keyboard:u0|data                   ; Keyboard:u0|code[3]                ; fclk       ; fclk     ; None                        ; None                      ; 1.579 ns                ;
; N/A   ; Restricted to 340.02 MHz ( period = 2.941 ns ) ; Keyboard:u0|data                   ; Keyboard:u0|code[5]                ; fclk       ; fclk     ; None                        ; None                      ; 1.578 ns                ;
; N/A   ; Restricted to 340.02 MHz ( period = 2.941 ns ) ; Keyboard:u0|data                   ; Keyboard:u0|state.finish           ; fclk       ; fclk     ; None                        ; None                      ; 1.568 ns                ;
; N/A   ; Restricted to 340.02 MHz ( period = 2.941 ns ) ; Keyboard:u0|scancode[2]            ; KeyboardDecoder:u5|state           ; fclk       ; fclk     ; None                        ; None                      ; 1.668 ns                ;
; N/A   ; Restricted to 340.02 MHz ( period = 2.941 ns ) ; Keyboard:u0|scancode[5]            ; KeyboardDecoder:u5|lwasdPressed[3] ; fclk       ; fclk     ; None                        ; None                      ; 1.879 ns                ;
; N/A   ; Restricted to 340.02 MHz ( period = 2.941 ns ) ; Keyboard:u0|scancode[5]            ; KeyboardDecoder:u5|lwasdPressed[2] ; fclk       ; fclk     ; None                        ; None                      ; 1.878 ns                ;
; N/A   ; Restricted to 340.02 MHz ( period = 2.941 ns ) ; Keyboard:u0|data                   ; Keyboard:u0|state.d0               ; fclk       ; fclk     ; None                        ; None                      ; 1.552 ns                ;
; N/A   ; Restricted to 340.02 MHz ( period = 2.941 ns ) ; Keyboard:u0|code[4]                ; Keyboard:u0|scancode[4]            ; fclk       ; fclk     ; None                        ; None                      ; 3.148 ns                ;
; N/A   ; Restricted to 340.02 MHz ( period = 2.941 ns ) ; Keyboard:u0|data                   ; Keyboard:u0|code[4]                ; fclk       ; fclk     ; None                        ; None                      ; 1.536 ns                ;
; N/A   ; Restricted to 340.02 MHz ( period = 2.941 ns ) ; Keyboard:u0|data                   ; Keyboard:u0|code[6]                ; fclk       ; fclk     ; None                        ; None                      ; 1.535 ns                ;
; N/A   ; Restricted to 340.02 MHz ( period = 2.941 ns ) ; Keyboard:u0|data                   ; Keyboard:u0|code[0]                ; fclk       ; fclk     ; None                        ; None                      ; 1.533 ns                ;
; N/A   ; Restricted to 340.02 MHz ( period = 2.941 ns ) ; Keyboard:u0|data                   ; Keyboard:u0|code[2]                ; fclk       ; fclk     ; None                        ; None                      ; 1.531 ns                ;
; N/A   ; Restricted to 340.02 MHz ( period = 2.941 ns ) ; Keyboard:u0|scancode[0]            ; KeyboardDecoder:u5|state           ; fclk       ; fclk     ; None                        ; None                      ; 1.628 ns                ;
; N/A   ; Restricted to 340.02 MHz ( period = 2.941 ns ) ; Keyboard:u0|state.d0               ; Keyboard:u0|code[0]                ; fclk       ; fclk     ; None                        ; None                      ; 1.530 ns                ;
; N/A   ; Restricted to 340.02 MHz ( period = 2.941 ns ) ; Keyboard:u0|clk2                   ; Keyboard:u0|code[7]                ; fclk       ; fclk     ; None                        ; None                      ; 1.497 ns                ;
; N/A   ; Restricted to 340.02 MHz ( period = 2.941 ns ) ; Keyboard:u0|clk2                   ; Keyboard:u0|code[6]                ; fclk       ; fclk     ; None                        ; None                      ; 1.496 ns                ;
; N/A   ; Restricted to 340.02 MHz ( period = 2.941 ns ) ; Keyboard:u0|clk2                   ; Keyboard:u0|code[4]                ; fclk       ; fclk     ; None                        ; None                      ; 1.496 ns                ;
; N/A   ; Restricted to 340.02 MHz ( period = 2.941 ns ) ; Keyboard:u0|clk2                   ; Keyboard:u0|code[0]                ; fclk       ; fclk     ; None                        ; None                      ; 1.494 ns                ;
; N/A   ; Restricted to 340.02 MHz ( period = 2.941 ns ) ; Keyboard:u0|code[2]                ; Keyboard:u0|scancode[2]            ; fclk       ; fclk     ; None                        ; None                      ; 3.173 ns                ;
; N/A   ; Restricted to 340.02 MHz ( period = 2.941 ns ) ; Keyboard:u0|state.d1               ; Keyboard:u0|code[1]                ; fclk       ; fclk     ; None                        ; None                      ; 1.484 ns                ;
; N/A   ; Restricted to 340.02 MHz ( period = 2.941 ns ) ; Keyboard:u0|clk2                   ; Keyboard:u0|code[1]                ; fclk       ; fclk     ; None                        ; None                      ; 1.486 ns                ;
; N/A   ; Restricted to 340.02 MHz ( period = 2.941 ns ) ; Keyboard:u0|state.d7               ; Keyboard:u0|code[7]                ; fclk       ; fclk     ; None                        ; None                      ; 1.483 ns                ;
; N/A   ; Restricted to 340.02 MHz ( period = 2.941 ns ) ; Keyboard:u0|clk2                   ; Keyboard:u0|state.start            ; fclk       ; fclk     ; None                        ; None                      ; 1.481 ns                ;
; N/A   ; Restricted to 340.02 MHz ( period = 2.941 ns ) ; Keyboard:u0|clk2                   ; Keyboard:u0|code[5]                ; fclk       ; fclk     ; None                        ; None                      ; 1.484 ns                ;
; N/A   ; Restricted to 340.02 MHz ( period = 2.941 ns ) ; Keyboard:u0|clk2                   ; Keyboard:u0|code[3]                ; fclk       ; fclk     ; None                        ; None                      ; 1.483 ns                ;
; N/A   ; Restricted to 340.02 MHz ( period = 2.941 ns ) ; Keyboard:u0|state.d3               ; Keyboard:u0|code[3]                ; fclk       ; fclk     ; None                        ; None                      ; 1.477 ns                ;
; N/A   ; Restricted to 340.02 MHz ( period = 2.941 ns ) ; Keyboard:u0|state.d5               ; Keyboard:u0|code[5]                ; fclk       ; fclk     ; None                        ; None                      ; 1.477 ns                ;
; N/A   ; Restricted to 340.02 MHz ( period = 2.941 ns ) ; Keyboard:u0|clk2                   ; Keyboard:u0|state.finish           ; fclk       ; fclk     ; None                        ; None                      ; 1.439 ns                ;
; N/A   ; Restricted to 340.02 MHz ( period = 2.941 ns ) ; Keyboard:u0|code[1]                ; Keyboard:u0|scancode[1]            ; fclk       ; fclk     ; None                        ; None                      ; 3.089 ns                ;
; N/A   ; Restricted to 340.02 MHz ( period = 2.941 ns ) ; Keyboard:u0|code[0]                ; Keyboard:u0|scancode[0]            ; fclk       ; fclk     ; None                        ; None                      ; 3.079 ns                ;
; N/A   ; Restricted to 340.02 MHz ( period = 2.941 ns ) ; Keyboard:u0|state.parity           ; Keyboard:u0|state.delay            ; fclk       ; fclk     ; None                        ; None                      ; 1.400 ns                ;
; N/A   ; Restricted to 340.02 MHz ( period = 2.941 ns ) ; Keyboard:u0|scancode[0]            ; KeyboardDecoder:u5|lwasdPressed[2] ; fclk       ; fclk     ; None                        ; None                      ; 1.503 ns                ;
; N/A   ; Restricted to 340.02 MHz ( period = 2.941 ns ) ; Keyboard:u0|state.parity           ; Keyboard:u0|state.stop             ; fclk       ; fclk     ; None                        ; None                      ; 1.399 ns                ;
; N/A   ; Restricted to 340.02 MHz ( period = 2.941 ns ) ; Keyboard:u0|scancode[0]            ; KeyboardDecoder:u5|lwasdPressed[3] ; fclk       ; fclk     ; None                        ; None                      ; 1.502 ns                ;
; N/A   ; Restricted to 340.02 MHz ( period = 2.941 ns ) ; Keyboard:u0|state.stop             ; Keyboard:u0|state.finish           ; fclk       ; fclk     ; None                        ; None                      ; 1.387 ns                ;
; N/A   ; Restricted to 340.02 MHz ( period = 2.941 ns ) ; Keyboard:u0|code[7]                ; Keyboard:u0|scancode[7]            ; fclk       ; fclk     ; None                        ; None                      ; 3.088 ns                ;
; N/A   ; Restricted to 340.02 MHz ( period = 2.941 ns ) ; Keyboard:u0|state.d0               ; Keyboard:u0|state.d1               ; fclk       ; fclk     ; None                        ; None                      ; 1.383 ns                ;
; N/A   ; Restricted to 340.02 MHz ( period = 2.941 ns ) ; Keyboard:u0|scancode[7]            ; KeyboardDecoder:u5|state           ; fclk       ; fclk     ; None                        ; None                      ; 1.480 ns                ;
; N/A   ; Restricted to 340.02 MHz ( period = 2.941 ns ) ; Keyboard:u0|code[6]                ; Keyboard:u0|scancode[6]            ; fclk       ; fclk     ; None                        ; None                      ; 3.045 ns                ;
; N/A   ; Restricted to 340.02 MHz ( period = 2.941 ns ) ; Keyboard:u0|code[3]                ; Keyboard:u0|scancode[3]            ; fclk       ; fclk     ; None                        ; None                      ; 3.031 ns                ;
; N/A   ; Restricted to 340.02 MHz ( period = 2.941 ns ) ; Counter:u3|ldataout[2]             ; Counter:u3|ldataout[3]             ; fclk       ; fclk     ; None                        ; None                      ; 1.222 ns                ;
; N/A   ; Restricted to 340.02 MHz ( period = 2.941 ns ) ; Counter:u3|ldataout[1]             ; Counter:u3|ldataout[2]             ; fclk       ; fclk     ; None                        ; None                      ; 1.180 ns                ;
; N/A   ; Restricted to 340.02 MHz ( period = 2.941 ns ) ; Counter:u3|ldataout[1]             ; Counter:u3|ldataout[3]             ; fclk       ; fclk     ; None                        ; None                      ; 1.179 ns                ;
; N/A   ; Restricted to 340.02 MHz ( period = 2.941 ns ) ; Keyboard:u0|state.start            ; Keyboard:u0|state.d0               ; fclk       ; fclk     ; None                        ; None                      ; 1.167 ns                ;
; N/A   ; Restricted to 340.02 MHz ( period = 2.941 ns ) ; Keyboard:u0|state.d2               ; Keyboard:u0|code[2]                ; fclk       ; fclk     ; None                        ; None                      ; 1.062 ns                ;
; N/A   ; Restricted to 340.02 MHz ( period = 2.941 ns ) ; Keyboard:u0|state.delay            ; Keyboard:u0|state.start            ; fclk       ; fclk     ; None                        ; None                      ; 1.037 ns                ;
; N/A   ; Restricted to 340.02 MHz ( period = 2.941 ns ) ; Keyboard:u0|state.finish           ; Keyboard:u0|loe                    ; fclk       ; fclk     ; None                        ; None                      ; 0.749 ns                ;
; N/A   ; Restricted to 340.02 MHz ( period = 2.941 ns ) ; Keyboard:u0|scancode[5]            ; KeyboardDecoder:u5|lwasdPressed[1] ; fclk       ; fclk     ; None                        ; None                      ; 1.271 ns                ;
; N/A   ; Restricted to 340.02 MHz ( period = 2.941 ns ) ; Keyboard:u0|state.d7               ; Keyboard:u0|state.parity           ; fclk       ; fclk     ; None                        ; None                      ; 0.910 ns                ;
; N/A   ; Restricted to 340.02 MHz ( period = 2.941 ns ) ; Keyboard:u0|state.d1               ; Keyboard:u0|state.d2               ; fclk       ; fclk     ; None                        ; None                      ; 0.907 ns                ;
; N/A   ; Restricted to 340.02 MHz ( period = 2.941 ns ) ; Counter:u3|ldataout[0]             ; Counter:u3|ldataout[3]             ; fclk       ; fclk     ; None                        ; None                      ; 0.769 ns                ;
; N/A   ; Restricted to 340.02 MHz ( period = 2.941 ns ) ; Counter:u3|ldataout[0]             ; Counter:u3|ldataout[1]             ; fclk       ; fclk     ; None                        ; None                      ; 0.768 ns                ;
; N/A   ; Restricted to 340.02 MHz ( period = 2.941 ns ) ; Counter:u3|ldataout[0]             ; Counter:u3|ldataout[2]             ; fclk       ; fclk     ; None                        ; None                      ; 0.766 ns                ;
; N/A   ; Restricted to 340.02 MHz ( period = 2.941 ns ) ; Keyboard:u0|state.d6               ; Keyboard:u0|state.d7               ; fclk       ; fclk     ; None                        ; None                      ; 0.755 ns                ;
; N/A   ; Restricted to 340.02 MHz ( period = 2.941 ns ) ; Keyboard:u0|state.d2               ; Keyboard:u0|state.d3               ; fclk       ; fclk     ; None                        ; None                      ; 0.752 ns                ;
; N/A   ; Restricted to 340.02 MHz ( period = 2.941 ns ) ; Keyboard:u0|state.d3               ; Keyboard:u0|state.d4               ; fclk       ; fclk     ; None                        ; None                      ; 0.746 ns                ;
; N/A   ; Restricted to 340.02 MHz ( period = 2.941 ns ) ; Keyboard:u0|state.d4               ; Keyboard:u0|state.d5               ; fclk       ; fclk     ; None                        ; None                      ; 0.744 ns                ;
; N/A   ; Restricted to 340.02 MHz ( period = 2.941 ns ) ; Keyboard:u0|state.d5               ; Keyboard:u0|state.d6               ; fclk       ; fclk     ; None                        ; None                      ; 0.742 ns                ;
; N/A   ; Restricted to 340.02 MHz ( period = 2.941 ns ) ; Keyboard:u0|code[2]                ; Keyboard:u0|code[2]                ; fclk       ; fclk     ; None                        ; None                      ; 0.501 ns                ;
; N/A   ; Restricted to 340.02 MHz ( period = 2.941 ns ) ; Keyboard:u0|code[1]                ; Keyboard:u0|code[1]                ; fclk       ; fclk     ; None                        ; None                      ; 0.501 ns                ;
; N/A   ; Restricted to 340.02 MHz ( period = 2.941 ns ) ; Keyboard:u0|code[0]                ; Keyboard:u0|code[0]                ; fclk       ; fclk     ; None                        ; None                      ; 0.501 ns                ;
; N/A   ; Restricted to 340.02 MHz ( period = 2.941 ns ) ; Keyboard:u0|code[3]                ; Keyboard:u0|code[3]                ; fclk       ; fclk     ; None                        ; None                      ; 0.501 ns                ;
; N/A   ; Restricted to 340.02 MHz ( period = 2.941 ns ) ; Keyboard:u0|state.d0               ; Keyboard:u0|state.d0               ; fclk       ; fclk     ; None                        ; None                      ; 0.501 ns                ;
; N/A   ; Restricted to 340.02 MHz ( period = 2.941 ns ) ; Keyboard:u0|state.start            ; Keyboard:u0|state.start            ; fclk       ; fclk     ; None                        ; None                      ; 0.501 ns                ;
; N/A   ; Restricted to 340.02 MHz ( period = 2.941 ns ) ; Keyboard:u0|state.stop             ; Keyboard:u0|state.stop             ; fclk       ; fclk     ; None                        ; None                      ; 0.501 ns                ;
; N/A   ; Restricted to 340.02 MHz ( period = 2.941 ns ) ; Keyboard:u0|code[7]                ; Keyboard:u0|code[7]                ; fclk       ; fclk     ; None                        ; None                      ; 0.501 ns                ;
; N/A   ; Restricted to 340.02 MHz ( period = 2.941 ns ) ; Keyboard:u0|code[5]                ; Keyboard:u0|code[5]                ; fclk       ; fclk     ; None                        ; None                      ; 0.501 ns                ;
; N/A   ; Restricted to 340.02 MHz ( period = 2.941 ns ) ; Keyboard:u0|code[6]                ; Keyboard:u0|code[6]                ; fclk       ; fclk     ; None                        ; None                      ; 0.501 ns                ;
; N/A   ; Restricted to 340.02 MHz ( period = 2.941 ns ) ; Keyboard:u0|code[4]                ; Keyboard:u0|code[4]                ; fclk       ; fclk     ; None                        ; None                      ; 0.501 ns                ;
; N/A   ; Restricted to 340.02 MHz ( period = 2.941 ns ) ; Counter:u3|ldataout[0]             ; Counter:u3|ldataout[0]             ; fclk       ; fclk     ; None                        ; None                      ; 0.501 ns                ;
; N/A   ; Restricted to 340.02 MHz ( period = 2.941 ns ) ; Counter:u3|ldataout[1]             ; Counter:u3|ldataout[1]             ; fclk       ; fclk     ; None                        ; None                      ; 0.501 ns                ;
; N/A   ; Restricted to 340.02 MHz ( period = 2.941 ns ) ; Counter:u3|ldataout[2]             ; Counter:u3|ldataout[2]             ; fclk       ; fclk     ; None                        ; None                      ; 0.501 ns                ;
; N/A   ; Restricted to 340.02 MHz ( period = 2.941 ns ) ; Counter:u3|ldataout[3]             ; Counter:u3|ldataout[3]             ; fclk       ; fclk     ; None                        ; None                      ; 0.501 ns                ;
; N/A   ; Restricted to 340.02 MHz ( period = 2.941 ns ) ; KeyboardDecoder:u5|lwasdPressed[0] ; KeyboardDecoder:u5|lwasdPressed[0] ; fclk       ; fclk     ; None                        ; None                      ; 0.501 ns                ;
; N/A   ; Restricted to 340.02 MHz ( period = 2.941 ns ) ; KeyboardDecoder:u5|state           ; KeyboardDecoder:u5|state           ; fclk       ; fclk     ; None                        ; None                      ; 0.501 ns                ;
; N/A   ; Restricted to 340.02 MHz ( period = 2.941 ns ) ; KeyboardDecoder:u5|lwasdPressed[1] ; KeyboardDecoder:u5|lwasdPressed[1] ; fclk       ; fclk     ; None                        ; None                      ; 0.501 ns                ;
; N/A   ; Restricted to 340.02 MHz ( period = 2.941 ns ) ; KeyboardDecoder:u5|lwasdPressed[2] ; KeyboardDecoder:u5|lwasdPressed[2] ; fclk       ; fclk     ; None                        ; None                      ; 0.501 ns                ;
; N/A   ; Restricted to 340.02 MHz ( period = 2.941 ns ) ; KeyboardDecoder:u5|lwasdPressed[3] ; KeyboardDecoder:u5|lwasdPressed[3] ; fclk       ; fclk     ; None                        ; None                      ; 0.501 ns                ;
+-------+------------------------------------------------+------------------------------------+------------------------------------+------------+----------+-----------------------------+---------------------------+-------------------------+


+-------------------------------------------------------------------------------------------------------------------------------------------------------------------------------------------------------+
; Clock Hold: 'fclk'                                                                                                                                                                                    ;
+------------------------------------------+---------------------+-------------------------+------------+----------+----------------------------+----------------------------+--------------------------+
; Minimum Slack                            ; From                ; To                      ; From Clock ; To Clock ; Required Hold Relationship ; Required Shortest P2P Time ; Actual Shortest P2P Time ;
+------------------------------------------+---------------------+-------------------------+------------+----------+----------------------------+----------------------------+--------------------------+
; Not operational: Clock Skew > Data Delay ; Keyboard:u0|code[3] ; Keyboard:u0|scancode[3] ; fclk       ; fclk     ; None                       ; None                       ; 3.031 ns                 ;
; Not operational: Clock Skew > Data Delay ; Keyboard:u0|code[6] ; Keyboard:u0|scancode[6] ; fclk       ; fclk     ; None                       ; None                       ; 3.045 ns                 ;
; Not operational: Clock Skew > Data Delay ; Keyboard:u0|code[0] ; Keyboard:u0|scancode[0] ; fclk       ; fclk     ; None                       ; None                       ; 3.079 ns                 ;
; Not operational: Clock Skew > Data Delay ; Keyboard:u0|code[1] ; Keyboard:u0|scancode[1] ; fclk       ; fclk     ; None                       ; None                       ; 3.089 ns                 ;
; Not operational: Clock Skew > Data Delay ; Keyboard:u0|code[7] ; Keyboard:u0|scancode[7] ; fclk       ; fclk     ; None                       ; None                       ; 3.088 ns                 ;
; Not operational: Clock Skew > Data Delay ; Keyboard:u0|code[4] ; Keyboard:u0|scancode[4] ; fclk       ; fclk     ; None                       ; None                       ; 3.148 ns                 ;
; Not operational: Clock Skew > Data Delay ; Keyboard:u0|code[2] ; Keyboard:u0|scancode[2] ; fclk       ; fclk     ; None                       ; None                       ; 3.173 ns                 ;
; Not operational: Clock Skew > Data Delay ; Keyboard:u0|code[5] ; Keyboard:u0|scancode[5] ; fclk       ; fclk     ; None                       ; None                       ; 3.210 ns                 ;
+------------------------------------------+---------------------+-------------------------+------------+----------+----------------------------+----------------------------+--------------------------+


+--------------------------------------------------------------------------+
; tsu                                                                      ;
+-------+--------------+------------+--------+------------------+----------+
; Slack ; Required tsu ; Actual tsu ; From   ; To               ; To Clock ;
+-------+--------------+------------+--------+------------------+----------+
; N/A   ; None         ; 4.964 ns   ; clkin  ; Keyboard:u0|clk1 ; fclk     ;
; N/A   ; None         ; 4.917 ns   ; datain ; Keyboard:u0|data ; fclk     ;
+-------+--------------+------------+--------+------------------+----------+


+------------------------------------------------------------------------------------------------+
; tco                                                                                            ;
+-------+--------------+------------+------------------------------------+----------+------------+
; Slack ; Required tco ; Actual tco ; From                               ; To       ; From Clock ;
+-------+--------------+------------+------------------------------------+----------+------------+
; N/A   ; None         ; 15.192 ns  ; KeyboardDecoder:u5|lwasdPressed[2] ; wasd[2]  ; fclk       ;
; N/A   ; None         ; 14.912 ns  ; Keyboard:u0|scancode[6]            ; seg_1[0] ; fclk       ;
; N/A   ; None         ; 14.887 ns  ; KeyboardDecoder:u5|lwasdPressed[3] ; wasd[3]  ; fclk       ;
; N/A   ; None         ; 14.590 ns  ; Keyboard:u0|scancode[1]            ; seg_0[6] ; fclk       ;
; N/A   ; None         ; 14.563 ns  ; KeyboardDecoder:u5|lwasdPressed[0] ; wasd[0]  ; fclk       ;
; N/A   ; None         ; 14.540 ns  ; Keyboard:u0|scancode[6]            ; seg_1[1] ; fclk       ;
; N/A   ; None         ; 14.539 ns  ; Keyboard:u0|scancode[6]            ; seg_1[2] ; fclk       ;
; N/A   ; None         ; 14.519 ns  ; Keyboard:u0|scancode[4]            ; seg_1[0] ; fclk       ;
; N/A   ; None         ; 14.306 ns  ; KeyboardDecoder:u5|lwasdPressed[1] ; wasd[1]  ; fclk       ;
; N/A   ; None         ; 14.290 ns  ; Keyboard:u0|scancode[7]            ; seg_1[0] ; fclk       ;
; N/A   ; None         ; 14.279 ns  ; Counter:u3|ldataout[0]             ; seg_2[0] ; fclk       ;
; N/A   ; None         ; 14.273 ns  ; Keyboard:u0|scancode[1]            ; seg_0[3] ; fclk       ;
; N/A   ; None         ; 14.244 ns  ; Keyboard:u0|scancode[1]            ; seg_0[5] ; fclk       ;
; N/A   ; None         ; 14.238 ns  ; Keyboard:u0|scancode[1]            ; seg_0[4] ; fclk       ;
; N/A   ; None         ; 14.228 ns  ; Counter:u3|ldataout[2]             ; seg_2[0] ; fclk       ;
; N/A   ; None         ; 14.148 ns  ; Keyboard:u0|scancode[4]            ; seg_1[2] ; fclk       ;
; N/A   ; None         ; 14.147 ns  ; Keyboard:u0|scancode[4]            ; seg_1[1] ; fclk       ;
; N/A   ; None         ; 13.996 ns  ; Keyboard:u0|scancode[2]            ; seg_0[6] ; fclk       ;
; N/A   ; None         ; 13.960 ns  ; Counter:u3|ldataout[1]             ; seg_2[0] ; fclk       ;
; N/A   ; None         ; 13.925 ns  ; Keyboard:u0|scancode[7]            ; seg_1[2] ; fclk       ;
; N/A   ; None         ; 13.922 ns  ; Keyboard:u0|scancode[7]            ; seg_1[1] ; fclk       ;
; N/A   ; None         ; 13.889 ns  ; Keyboard:u0|scancode[1]            ; seg_0[1] ; fclk       ;
; N/A   ; None         ; 13.882 ns  ; Keyboard:u0|scancode[1]            ; seg_0[2] ; fclk       ;
; N/A   ; None         ; 13.843 ns  ; Keyboard:u0|scancode[1]            ; seg_0[0] ; fclk       ;
; N/A   ; None         ; 13.720 ns  ; Keyboard:u0|scancode[2]            ; seg_0[3] ; fclk       ;
; N/A   ; None         ; 13.647 ns  ; Keyboard:u0|scancode[2]            ; seg_0[4] ; fclk       ;
; N/A   ; None         ; 13.623 ns  ; Keyboard:u0|scancode[2]            ; seg_0[5] ; fclk       ;
; N/A   ; None         ; 13.535 ns  ; Keyboard:u0|scancode[6]            ; seg_1[4] ; fclk       ;
; N/A   ; None         ; 13.524 ns  ; Keyboard:u0|scancode[5]            ; seg_1[0] ; fclk       ;
; N/A   ; None         ; 13.474 ns  ; Counter:u3|ldataout[3]             ; seg_2[0] ; fclk       ;
; N/A   ; None         ; 13.464 ns  ; Keyboard:u0|scancode[6]            ; seg_1[3] ; fclk       ;
; N/A   ; None         ; 13.462 ns  ; Keyboard:u0|scancode[3]            ; seg_0[6] ; fclk       ;
; N/A   ; None         ; 13.369 ns  ; Keyboard:u0|scancode[5]            ; seg_1[4] ; fclk       ;
; N/A   ; None         ; 13.295 ns  ; Keyboard:u0|scancode[7]            ; seg_1[4] ; fclk       ;
; N/A   ; None         ; 13.293 ns  ; Keyboard:u0|scancode[2]            ; seg_0[1] ; fclk       ;
; N/A   ; None         ; 13.290 ns  ; Keyboard:u0|scancode[2]            ; seg_0[2] ; fclk       ;
; N/A   ; None         ; 13.262 ns  ; Keyboard:u0|scancode[5]            ; seg_1[3] ; fclk       ;
; N/A   ; None         ; 13.253 ns  ; Keyboard:u0|scancode[0]            ; seg_0[6] ; fclk       ;
; N/A   ; None         ; 13.249 ns  ; Keyboard:u0|scancode[2]            ; seg_0[0] ; fclk       ;
; N/A   ; None         ; 13.242 ns  ; Counter:u3|ldataout[0]             ; seg_2[4] ; fclk       ;
; N/A   ; None         ; 13.241 ns  ; Counter:u3|ldataout[0]             ; seg_2[6] ; fclk       ;
; N/A   ; None         ; 13.225 ns  ; Keyboard:u0|scancode[7]            ; seg_1[3] ; fclk       ;
; N/A   ; None         ; 13.199 ns  ; Counter:u3|ldataout[0]             ; seg_2[5] ; fclk       ;
; N/A   ; None         ; 13.197 ns  ; Counter:u3|ldataout[2]             ; seg_2[6] ; fclk       ;
; N/A   ; None         ; 13.193 ns  ; Counter:u3|ldataout[2]             ; seg_2[4] ; fclk       ;
; N/A   ; None         ; 13.192 ns  ; Keyboard:u0|scancode[3]            ; seg_0[3] ; fclk       ;
; N/A   ; None         ; 13.155 ns  ; Keyboard:u0|scancode[5]            ; seg_1[2] ; fclk       ;
; N/A   ; None         ; 13.154 ns  ; Counter:u3|ldataout[2]             ; seg_2[5] ; fclk       ;
; N/A   ; None         ; 13.151 ns  ; Keyboard:u0|scancode[5]            ; seg_1[1] ; fclk       ;
; N/A   ; None         ; 13.128 ns  ; Keyboard:u0|scancode[3]            ; seg_0[5] ; fclk       ;
; N/A   ; None         ; 13.119 ns  ; Keyboard:u0|scancode[6]            ; seg_1[6] ; fclk       ;
; N/A   ; None         ; 13.118 ns  ; Keyboard:u0|scancode[6]            ; seg_1[5] ; fclk       ;
; N/A   ; None         ; 13.118 ns  ; Keyboard:u0|scancode[4]            ; seg_1[4] ; fclk       ;
; N/A   ; None         ; 13.117 ns  ; Keyboard:u0|scancode[3]            ; seg_0[4] ; fclk       ;
; N/A   ; None         ; 13.047 ns  ; Keyboard:u0|scancode[4]            ; seg_1[3] ; fclk       ;
; N/A   ; None         ; 12.983 ns  ; Keyboard:u0|scancode[0]            ; seg_0[3] ; fclk       ;
; N/A   ; None         ; 12.947 ns  ; Keyboard:u0|scancode[5]            ; seg_1[6] ; fclk       ;
; N/A   ; None         ; 12.946 ns  ; Keyboard:u0|scancode[5]            ; seg_1[5] ; fclk       ;
; N/A   ; None         ; 12.941 ns  ; Counter:u3|ldataout[1]             ; seg_2[6] ; fclk       ;
; N/A   ; None         ; 12.928 ns  ; Counter:u3|ldataout[1]             ; seg_2[5] ; fclk       ;
; N/A   ; None         ; 12.928 ns  ; Counter:u3|ldataout[1]             ; seg_2[4] ; fclk       ;
; N/A   ; None         ; 12.919 ns  ; Keyboard:u0|scancode[0]            ; seg_0[5] ; fclk       ;
; N/A   ; None         ; 12.909 ns  ; Keyboard:u0|scancode[0]            ; seg_0[4] ; fclk       ;
; N/A   ; None         ; 12.906 ns  ; Counter:u3|ldataout[0]             ; seg_2[2] ; fclk       ;
; N/A   ; None         ; 12.898 ns  ; Counter:u3|ldataout[0]             ; seg_2[1] ; fclk       ;
; N/A   ; None         ; 12.870 ns  ; Keyboard:u0|scancode[7]            ; seg_1[5] ; fclk       ;
; N/A   ; None         ; 12.869 ns  ; Keyboard:u0|scancode[7]            ; seg_1[6] ; fclk       ;
; N/A   ; None         ; 12.861 ns  ; Counter:u3|ldataout[0]             ; seg_2[3] ; fclk       ;
; N/A   ; None         ; 12.856 ns  ; Counter:u3|ldataout[2]             ; seg_2[2] ; fclk       ;
; N/A   ; None         ; 12.852 ns  ; Counter:u3|ldataout[2]             ; seg_2[1] ; fclk       ;
; N/A   ; None         ; 12.808 ns  ; Counter:u3|ldataout[2]             ; seg_2[3] ; fclk       ;
; N/A   ; None         ; 12.761 ns  ; Keyboard:u0|scancode[3]            ; seg_0[1] ; fclk       ;
; N/A   ; None         ; 12.758 ns  ; Keyboard:u0|scancode[3]            ; seg_0[2] ; fclk       ;
; N/A   ; None         ; 12.715 ns  ; Keyboard:u0|scancode[3]            ; seg_0[0] ; fclk       ;
; N/A   ; None         ; 12.696 ns  ; Keyboard:u0|scancode[4]            ; seg_1[6] ; fclk       ;
; N/A   ; None         ; 12.695 ns  ; Keyboard:u0|scancode[4]            ; seg_1[5] ; fclk       ;
; N/A   ; None         ; 12.595 ns  ; Counter:u3|ldataout[1]             ; seg_2[1] ; fclk       ;
; N/A   ; None         ; 12.591 ns  ; Counter:u3|ldataout[1]             ; seg_2[2] ; fclk       ;
; N/A   ; None         ; 12.560 ns  ; Counter:u3|ldataout[1]             ; seg_2[3] ; fclk       ;
; N/A   ; None         ; 12.552 ns  ; Keyboard:u0|scancode[0]            ; seg_0[1] ; fclk       ;
; N/A   ; None         ; 12.548 ns  ; Keyboard:u0|scancode[0]            ; seg_0[2] ; fclk       ;
; N/A   ; None         ; 12.502 ns  ; Keyboard:u0|scancode[0]            ; seg_0[0] ; fclk       ;
; N/A   ; None         ; 12.454 ns  ; Counter:u3|ldataout[3]             ; seg_2[6] ; fclk       ;
; N/A   ; None         ; 12.441 ns  ; Counter:u3|ldataout[3]             ; seg_2[5] ; fclk       ;
; N/A   ; None         ; 12.438 ns  ; Counter:u3|ldataout[3]             ; seg_2[4] ; fclk       ;
; N/A   ; None         ; 12.108 ns  ; Counter:u3|ldataout[3]             ; seg_2[1] ; fclk       ;
; N/A   ; None         ; 12.101 ns  ; Counter:u3|ldataout[3]             ; seg_2[2] ; fclk       ;
; N/A   ; None         ; 12.073 ns  ; Counter:u3|ldataout[3]             ; seg_2[3] ; fclk       ;
+-------+--------------+------------+------------------------------------+----------+------------+


+--------------------------------------------------------------------------------+
; th                                                                             ;
+---------------+-------------+-----------+--------+------------------+----------+
; Minimum Slack ; Required th ; Actual th ; From   ; To               ; To Clock ;
+---------------+-------------+-----------+--------+------------------+----------+
; N/A           ; None        ; -4.651 ns ; datain ; Keyboard:u0|data ; fclk     ;
; N/A           ; None        ; -4.698 ns ; clkin  ; Keyboard:u0|clk1 ; fclk     ;
+---------------+-------------+-----------+--------+------------------+----------+


+--------------------------+
; Timing Analyzer Messages ;
+--------------------------+
Info: *******************************************************************
Info: Running Quartus II 64-Bit Classic Timing Analyzer
    Info: Version 9.0 Build 132 02/25/2009 SJ Full Version
    Info: Processing started: Tue May 16 11:15:08 2017
Info: Command: quartus_tan --read_settings_files=off --write_settings_files=off Keyboard -c Keyboard --timing_analysis_only
Info: Parallel compilation is enabled and will use 2 of the 2 processors detected
Warning: Timing Analysis is analyzing one or more combinational loops as latches
    Warning: Node "Keyboard:u0|scancode[2]" is a latch
    Warning: Node "Keyboard:u0|scancode[1]" is a latch
    Warning: Node "Keyboard:u0|scancode[0]" is a latch
    Warning: Node "Keyboard:u0|scancode[3]" is a latch
    Warning: Node "Keyboard:u0|scancode[6]" is a latch
    Warning: Node "Keyboard:u0|scancode[4]" is a latch
    Warning: Node "Keyboard:u0|scancode[7]" is a latch
    Warning: Node "Keyboard:u0|scancode[5]" is a latch
Warning: Found pins functioning as undefined clocks and/or memory enables
    Info: Assuming node "fclk" is an undefined clock
Warning: Found 1 node(s) in clock paths which may be acting as ripple and/or gated clocks -- node(s) analyzed as buffer(s) resulting in clock skew
    Info: Detected ripple clock "Keyboard:u0|loe" as buffer
Info: Clock "fclk" has Internal fmax of 319.18 MHz between source register "Keyboard:u0|state.stop" and destination register "Keyboard:u0|state.delay" (period= 3.133 ns)
    Info: + Longest register to register delay is 2.869 ns
        Info: 1: + IC(0.000 ns) + CELL(0.000 ns) = 0.000 ns; Loc. = LCFF_X4_Y21_N13; Fanout = 3; REG Node = 'Keyboard:u0|state.stop'
        Info: 2: + IC(0.475 ns) + CELL(0.647 ns) = 1.122 ns; Loc. = LCCOMB_X4_Y21_N2; Fanout = 1; COMB Node = 'Keyboard:u0|Selector0~2'
        Info: 3: + IC(0.364 ns) + CELL(0.206 ns) = 1.692 ns; Loc. = LCCOMB_X4_Y21_N6; Fanout = 1; COMB Node = 'Keyboard:u0|Selector0~4'
        Info: 4: + IC(0.699 ns) + CELL(0.370 ns) = 2.761 ns; Loc. = LCCOMB_X4_Y21_N24; Fanout = 1; COMB Node = 'Keyboard:u0|Selector0~3'
        Info: 5: + IC(0.000 ns) + CELL(0.108 ns) = 2.869 ns; Loc. = LCFF_X4_Y21_N25; Fanout = 1; REG Node = 'Keyboard:u0|state.delay'
        Info: Total cell delay = 1.331 ns ( 46.39 % )
        Info: Total interconnect delay = 1.538 ns ( 53.61 % )
    Info: - Smallest clock skew is 0.000 ns
        Info: + Shortest clock path from clock "fclk" to destination register is 3.328 ns
            Info: 1: + IC(0.000 ns) + CELL(1.100 ns) = 1.100 ns; Loc. = PIN_N2; Fanout = 2; CLK Node = 'fclk'
            Info: 2: + IC(0.135 ns) + CELL(0.000 ns) = 1.235 ns; Loc. = CLKCTRL_G2; Fanout = 24; COMB Node = 'fclk~clkctrl'
            Info: 3: + IC(1.427 ns) + CELL(0.666 ns) = 3.328 ns; Loc. = LCFF_X4_Y21_N25; Fanout = 1; REG Node = 'Keyboard:u0|state.delay'
            Info: Total cell delay = 1.766 ns ( 53.06 % )
            Info: Total interconnect delay = 1.562 ns ( 46.94 % )
        Info: - Longest clock path from clock "fclk" to source register is 3.328 ns
            Info: 1: + IC(0.000 ns) + CELL(1.100 ns) = 1.100 ns; Loc. = PIN_N2; Fanout = 2; CLK Node = 'fclk'
            Info: 2: + IC(0.135 ns) + CELL(0.000 ns) = 1.235 ns; Loc. = CLKCTRL_G2; Fanout = 24; COMB Node = 'fclk~clkctrl'
            Info: 3: + IC(1.427 ns) + CELL(0.666 ns) = 3.328 ns; Loc. = LCFF_X4_Y21_N13; Fanout = 3; REG Node = 'Keyboard:u0|state.stop'
            Info: Total cell delay = 1.766 ns ( 53.06 % )
            Info: Total interconnect delay = 1.562 ns ( 46.94 % )
    Info: + Micro clock to output delay of source is 0.304 ns
    Info: + Micro setup delay of destination is -0.040 ns
Warning: Circuit may not operate. Detected 8 non-operational path(s) clocked by clock "fclk" with clock skew larger than data delay. See Compilation Report for details.
Info: Found hold time violation between source  pin or register "Keyboard:u0|code[3]" and destination pin or register "Keyboard:u0|scancode[3]" for clock "fclk" (Hold time is 622 ps)
    Info: + Largest clock skew is 3.957 ns
        Info: + Longest clock path from clock "fclk" to destination register is 7.285 ns
            Info: 1: + IC(0.000 ns) + CELL(1.100 ns) = 1.100 ns; Loc. = PIN_N2; Fanout = 2; CLK Node = 'fclk'
            Info: 2: + IC(1.309 ns) + CELL(0.970 ns) = 3.379 ns; Loc. = LCFF_X3_Y21_N5; Fanout = 1; REG Node = 'Keyboard:u0|loe'
            Info: 3: + IC(1.554 ns) + CELL(0.000 ns) = 4.933 ns; Loc. = CLKCTRL_G0; Fanout = 17; COMB Node = 'Keyboard:u0|loe~clkctrl'
            Info: 4: + IC(1.986 ns) + CELL(0.366 ns) = 7.285 ns; Loc. = LCCOMB_X20_Y3_N14; Fanout = 10; REG Node = 'Keyboard:u0|scancode[3]'
            Info: Total cell delay = 2.436 ns ( 33.44 % )
            Info: Total interconnect delay = 4.849 ns ( 66.56 % )
        Info: - Shortest clock path from clock "fclk" to source register is 3.328 ns
            Info: 1: + IC(0.000 ns) + CELL(1.100 ns) = 1.100 ns; Loc. = PIN_N2; Fanout = 2; CLK Node = 'fclk'
            Info: 2: + IC(0.135 ns) + CELL(0.000 ns) = 1.235 ns; Loc. = CLKCTRL_G2; Fanout = 24; COMB Node = 'fclk~clkctrl'
            Info: 3: + IC(1.427 ns) + CELL(0.666 ns) = 3.328 ns; Loc. = LCFF_X4_Y21_N5; Fanout = 3; REG Node = 'Keyboard:u0|code[3]'
            Info: Total cell delay = 1.766 ns ( 53.06 % )
            Info: Total interconnect delay = 1.562 ns ( 46.94 % )
    Info: - Micro clock to output delay of source is 0.304 ns
    Info: - Shortest register to register delay is 3.031 ns
        Info: 1: + IC(0.000 ns) + CELL(0.000 ns) = 0.000 ns; Loc. = LCFF_X4_Y21_N5; Fanout = 3; REG Node = 'Keyboard:u0|code[3]'
        Info: 2: + IC(2.825 ns) + CELL(0.206 ns) = 3.031 ns; Loc. = LCCOMB_X20_Y3_N14; Fanout = 10; REG Node = 'Keyboard:u0|scancode[3]'
        Info: Total cell delay = 0.206 ns ( 6.80 % )
        Info: Total interconnect delay = 2.825 ns ( 93.20 % )
    Info: + Micro hold delay of destination is 0.000 ns
    Info: Delay path is controlled by inverted clocks -- if clock duty cycle is 50%, fmax is divided by two
Info: tsu for register "Keyboard:u0|clk1" (data pin = "clkin", clock pin = "fclk") is 4.964 ns
    Info: + Longest pin to register delay is 8.332 ns
        Info: 1: + IC(0.000 ns) + CELL(0.924 ns) = 0.924 ns; Loc. = PIN_AD6; Fanout = 1; PIN Node = 'clkin'
        Info: 2: + IC(6.948 ns) + CELL(0.460 ns) = 8.332 ns; Loc. = LCFF_X4_Y21_N7; Fanout = 5; REG Node = 'Keyboard:u0|clk1'
        Info: Total cell delay = 1.384 ns ( 16.61 % )
        Info: Total interconnect delay = 6.948 ns ( 83.39 % )
    Info: + Micro setup delay of destination is -0.040 ns
    Info: - Shortest clock path from clock "fclk" to destination register is 3.328 ns
        Info: 1: + IC(0.000 ns) + CELL(1.100 ns) = 1.100 ns; Loc. = PIN_N2; Fanout = 2; CLK Node = 'fclk'
        Info: 2: + IC(0.135 ns) + CELL(0.000 ns) = 1.235 ns; Loc. = CLKCTRL_G2; Fanout = 24; COMB Node = 'fclk~clkctrl'
        Info: 3: + IC(1.427 ns) + CELL(0.666 ns) = 3.328 ns; Loc. = LCFF_X4_Y21_N7; Fanout = 5; REG Node = 'Keyboard:u0|clk1'
        Info: Total cell delay = 1.766 ns ( 53.06 % )
        Info: Total interconnect delay = 1.562 ns ( 46.94 % )
Info: tco from clock "fclk" to destination pin "wasd[2]" through register "KeyboardDecoder:u5|lwasdPressed[2]" is 15.192 ns
    Info: + Longest clock path from clock "fclk" to source register is 7.089 ns
        Info: 1: + IC(0.000 ns) + CELL(1.100 ns) = 1.100 ns; Loc. = PIN_N2; Fanout = 2; CLK Node = 'fclk'
        Info: 2: + IC(1.309 ns) + CELL(0.970 ns) = 3.379 ns; Loc. = LCFF_X3_Y21_N5; Fanout = 1; REG Node = 'Keyboard:u0|loe'
        Info: 3: + IC(1.554 ns) + CELL(0.000 ns) = 4.933 ns; Loc. = CLKCTRL_G0; Fanout = 17; COMB Node = 'Keyboard:u0|loe~clkctrl'
        Info: 4: + IC(1.490 ns) + CELL(0.666 ns) = 7.089 ns; Loc. = LCFF_X20_Y3_N21; Fanout = 2; REG Node = 'KeyboardDecoder:u5|lwasdPressed[2]'
        Info: Total cell delay = 2.736 ns ( 38.60 % )
        Info: Total interconnect delay = 4.353 ns ( 61.40 % )
    Info: + Micro clock to output delay of source is 0.304 ns
    Info: + Longest register to pin delay is 7.799 ns
        Info: 1: + IC(0.000 ns) + CELL(0.000 ns) = 0.000 ns; Loc. = LCFF_X20_Y3_N21; Fanout = 2; REG Node = 'KeyboardDecoder:u5|lwasdPressed[2]'
        Info: 2: + IC(4.573 ns) + CELL(3.226 ns) = 7.799 ns; Loc. = PIN_AD22; Fanout = 0; PIN Node = 'wasd[2]'
        Info: Total cell delay = 3.226 ns ( 41.36 % )
        Info: Total interconnect delay = 4.573 ns ( 58.64 % )
Info: th for register "Keyboard:u0|data" (data pin = "datain", clock pin = "fclk") is -4.651 ns
    Info: + Longest clock path from clock "fclk" to destination register is 3.328 ns
        Info: 1: + IC(0.000 ns) + CELL(1.100 ns) = 1.100 ns; Loc. = PIN_N2; Fanout = 2; CLK Node = 'fclk'
        Info: 2: + IC(0.135 ns) + CELL(0.000 ns) = 1.235 ns; Loc. = CLKCTRL_G2; Fanout = 24; COMB Node = 'fclk~clkctrl'
        Info: 3: + IC(1.427 ns) + CELL(0.666 ns) = 3.328 ns; Loc. = LCFF_X4_Y21_N3; Fanout = 12; REG Node = 'Keyboard:u0|data'
        Info: Total cell delay = 1.766 ns ( 53.06 % )
        Info: Total interconnect delay = 1.562 ns ( 46.94 % )
    Info: + Micro hold delay of destination is 0.306 ns
    Info: - Shortest pin to register delay is 8.285 ns
        Info: 1: + IC(0.000 ns) + CELL(0.924 ns) = 0.924 ns; Loc. = PIN_AD7; Fanout = 1; PIN Node = 'datain'
        Info: 2: + IC(6.901 ns) + CELL(0.460 ns) = 8.285 ns; Loc. = LCFF_X4_Y21_N3; Fanout = 12; REG Node = 'Keyboard:u0|data'
        Info: Total cell delay = 1.384 ns ( 16.70 % )
        Info: Total interconnect delay = 6.901 ns ( 83.30 % )
Info: Quartus II 64-Bit Classic Timing Analyzer was successful. 0 errors, 12 warnings
    Info: Peak virtual memory: 261 megabytes
    Info: Processing ended: Tue May 16 11:15:09 2017
    Info: Elapsed time: 00:00:01
    Info: Total CPU time (on all processors): 00:00:00


